d:\sbs게임아카데미\1.gameprogram\sbsprograming2\programming2\10_runningaction project\x64\debug\vc143.pdb
d:\sbs게임아카데미\1.gameprogram\sbsprograming2\programming2\10_runningaction project\x64\debug\vc143.idb
d:\sbs게임아카데미\1.gameprogram\sbsprograming2\programming2\10_runningaction project\x64\debug\runningaction.obj
d:\sbs게임아카데미\1.gameprogram\sbsprograming2\programming2\10_runningaction project\x64\debug\parson.obj
d:\sbs게임아카데미\1.gameprogram\sbsprograming2\programming2\10_runningaction project\x64\debug\objects_init.obj
d:\sbs게임아카데미\1.gameprogram\sbsprograming2\programming2\10_runningaction project\x64\debug\console.obj
d:\sbs게임아카데미\1.gameprogram\sbsprograming2\programming2\10_runningaction project\x64\debug\title.obj
d:\sbs게임아카데미\1.gameprogram\sbsprograming2\programming2\10_runningaction project\x64\debug\screen.obj
d:\sbs게임아카데미\1.gameprogram\sbsprograming2\programming2\10_runningaction project\x64\debug\scoresaveload.obj
d:\sbs게임아카데미\1.gameprogram\sbsprograming2\programming2\x64\debug\10_runningaction project.exe
d:\sbs게임아카데미\1.gameprogram\sbsprograming2\programming2\x64\debug\10_runningaction project.pdb
d:\sbs게임아카데미\1.gameprogram\sbsprograming2\programming2\10_runningaction project\x64\debug\10_runningaction project.ilk
d:\sbs게임아카데미\1.gameprogram\sbsprograming2\programming2\10_runningaction project\x64\debug\runningaction.obj.enc
d:\sbs게임아카데미\1.gameprogram\sbsprograming2\programming2\10_runningaction project\x64\debug\title.obj.enc
d:\sbs게임아카데미\1.gameprogram\sbsprograming2\programming2\10_runningaction project\x64\debug\10_runni.97ff820d.tlog\cl.command.1.tlog
d:\sbs게임아카데미\1.gameprogram\sbsprograming2\programming2\10_runningaction project\x64\debug\10_runni.97ff820d.tlog\cl.items.tlog
d:\sbs게임아카데미\1.gameprogram\sbsprograming2\programming2\10_runningaction project\x64\debug\10_runni.97ff820d.tlog\cl.read.1.tlog
d:\sbs게임아카데미\1.gameprogram\sbsprograming2\programming2\10_runningaction project\x64\debug\10_runni.97ff820d.tlog\cl.write.1.tlog
d:\sbs게임아카데미\1.gameprogram\sbsprograming2\programming2\10_runningaction project\x64\debug\10_runni.97ff820d.tlog\link.command.1.tlog
d:\sbs게임아카데미\1.gameprogram\sbsprograming2\programming2\10_runningaction project\x64\debug\10_runni.97ff820d.tlog\link.read.1.tlog
d:\sbs게임아카데미\1.gameprogram\sbsprograming2\programming2\10_runningaction project\x64\debug\10_runni.97ff820d.tlog\link.secondary.1.tlog
d:\sbs게임아카데미\1.gameprogram\sbsprograming2\programming2\10_runningaction project\x64\debug\10_runni.97ff820d.tlog\link.write.1.tlog
