d:\sbs게임아카데미\1.gameprogram\sbsprograming2\programming2\13_runningaction_buffer\x64\debug\vc143.pdb
d:\sbs게임아카데미\1.gameprogram\sbsprograming2\programming2\13_runningaction_buffer\x64\debug\vc143.idb
d:\sbs게임아카데미\1.gameprogram\sbsprograming2\programming2\13_runningaction_buffer\x64\debug\title.obj
d:\sbs게임아카데미\1.gameprogram\sbsprograming2\programming2\13_runningaction_buffer\x64\debug\screen.obj
d:\sbs게임아카데미\1.gameprogram\sbsprograming2\programming2\13_runningaction_buffer\x64\debug\scoresaveload.obj
d:\sbs게임아카데미\1.gameprogram\sbsprograming2\programming2\13_runningaction_buffer\x64\debug\runningaction.obj
d:\sbs게임아카데미\1.gameprogram\sbsprograming2\programming2\13_runningaction_buffer\x64\debug\parson.obj
d:\sbs게임아카데미\1.gameprogram\sbsprograming2\programming2\13_runningaction_buffer\x64\debug\objects_init.obj
d:\sbs게임아카데미\1.gameprogram\sbsprograming2\programming2\13_runningaction_buffer\x64\debug\console.obj
d:\sbs게임아카데미\1.gameprogram\sbsprograming2\programming2\13_runningaction_buffer\x64\debug\console_color.obj
d:\sbs게임아카데미\1.gameprogram\sbsprograming2\programming2\x64\debug\13_runningaction_buffer.exe
d:\sbs게임아카데미\1.gameprogram\sbsprograming2\programming2\x64\debug\13_runningaction_buffer.pdb
d:\sbs게임아카데미\1.gameprogram\sbsprograming2\programming2\13_runningaction_buffer\x64\debug\13_runningaction_buffer.ilk
d:\sbs게임아카데미\1.gameprogram\sbsprograming2\programming2\13_runningaction_buffer\x64\debug\13_runni.0c03eb87.tlog\cl.command.1.tlog
d:\sbs게임아카데미\1.gameprogram\sbsprograming2\programming2\13_runningaction_buffer\x64\debug\13_runni.0c03eb87.tlog\cl.items.tlog
d:\sbs게임아카데미\1.gameprogram\sbsprograming2\programming2\13_runningaction_buffer\x64\debug\13_runni.0c03eb87.tlog\cl.read.1.tlog
d:\sbs게임아카데미\1.gameprogram\sbsprograming2\programming2\13_runningaction_buffer\x64\debug\13_runni.0c03eb87.tlog\cl.write.1.tlog
d:\sbs게임아카데미\1.gameprogram\sbsprograming2\programming2\13_runningaction_buffer\x64\debug\13_runni.0c03eb87.tlog\link.command.1.tlog
d:\sbs게임아카데미\1.gameprogram\sbsprograming2\programming2\13_runningaction_buffer\x64\debug\13_runni.0c03eb87.tlog\link.read.1.tlog
d:\sbs게임아카데미\1.gameprogram\sbsprograming2\programming2\13_runningaction_buffer\x64\debug\13_runni.0c03eb87.tlog\link.secondary.1.tlog
d:\sbs게임아카데미\1.gameprogram\sbsprograming2\programming2\13_runningaction_buffer\x64\debug\13_runni.0c03eb87.tlog\link.write.1.tlog
